// Jest Snapshot v1, https://goo.gl/fbAQLP

exports[`should render details component 1`] = `[Function]`;
